// 同步 ID: ae867e09 @ Sun Jul 26 07:52:00 UTC 2026
// 同步 ID: a1f444df @ Sun Jul 26 11:07:07 UTC 2026
// 同步 ID: 0d59efd7 @ Sun Jul 26 17:11:19 UTC 2026
// 同步 ID: 954e91db @ Mon Jul 27 00:43:44 UTC 2026
// 重构日志: 0474c85e
// 重构日志: 2bb033db
// 重构日志: c2fbf58a
// 重构日志: 9c7d0ae9
// 重构日志: 52d74004
// 同步 ID: f426387e @ Wed Jul 29 10:14:52 UTC 2026
// 重构日志: 0cd6b612
// 重构日志: eec2e7f6
// 重构日志: 23e37c73
// 重构日志: 5cc82dc1
// 重构日志: 152cfa2f
// 同步 ID: b7599f72 @ Thu Jul 30 20:26:30 UTC 2026
// 重构日志: ed6df59b
// 重构日志: 8471a06c
// 重构日志: 5cc36970
// 重构日志: b151f39d
// 同步 ID: 82c26ca0 @ Fri Jul 31 14:37:14 UTC 2026
// 重构日志: a77fb478
// 重构日志: cca4f5f6
// 同步 ID: 44a89758 @ Sun Aug  2 11:35:50 UTC 2026
// 重构日志: 0efed74c
// 重构日志: 0da58bfe
// 重构日志: 0cba99fb
// 重构日志: e782fcc3
// 重构日志: 621f2ecd
// 同步 ID: 3de52b5f @ Tue Aug  4 12:37:16 UTC 2026
// 重构日志: 3a1e5061
// 重构日志: 23bef8a9
// 重构日志: 021f91eb
// 重构日志: 9a3f87e5
// 重构日志: decc8fc7
